// Jest Snapshot v1, https://goo.gl/fbAQLP

exports[`Game should render properly 1`] = `
"<div className=\\"jsx-1772502628 body\\">
  <GameHeader title=\\"Ludo\\" playerName=\\"Chandan\\" />
  <section className=\\"jsx-1772502628 main_container\\">
    <section className=\\"jsx-1772502628 player_row\\">
      <Player name=\\"Arif\\" turn={true} coinData={{...}} />
      <CoinContainer playerId=\\"player_1\\" color=\\"red\\" deActiveCoins={{...}} />
      <CellRow className=\\"cell_row\\" cellId={1} color=\\"blue\\" containerClass=\\"\\" />
      <CoinContainer playerId=\\"player_2\\" color=\\"blue\\" deActiveCoins={{...}} />
      <Player name=\\"Chandan\\" turn={false} coinData={{...}} />
    </section>
    <div className=\\"jsx-1772502628 board_middle_row\\">
      <CellRow className=\\"cell_column\\" cellId={19} color=\\"red\\" containerClass=\\"cell_column_container\\" />
      <div className=\\"jsx-1772502628 clear_coins_container\\" />
      <CellRow className=\\"cell_column\\" cellId={37} color=\\"yellow\\" containerClass=\\"cell_column_container\\" />
    </div>
    <section className=\\"jsx-1772502628 player_row\\">
      <Player name=\\"Goarav\\" turn={false} coinData={{...}} />
      <CoinContainer playerId=\\"player_3\\" color=\\"green\\" deActiveCoins={{...}} />
      <CellRow className=\\"cell_row\\" cellId={55} color=\\"green\\" containerClass=\\"\\" />
      <CoinContainer playerId=\\"player_4\\" color=\\"yellow\\" deActiveCoins={{...}} />
      <Player name=\\"Pankaj\\" turn={false} coinData={{...}} />
    </section>
  </section>
  <JSXStyle id=\\"1772502628\\">
    .
    b
    o
    d
    y
    .
    j
    s
    x
    -
    1
    7
    7
    2
    5
    0
    2
    6
    2
    8
    {
    w
    i
    d
    t
    h
    :
    1
    0
    0
    %
    ;
    h
    e
    i
    g
    h
    t
    :
    1
    0
    0
    %
    ;
    p
    a
    d
    d
    i
    n
    g
    :
    0
    ;
    m
    a
    r
    g
    i
    n
    :
    0
    ;
    f
    o
    n
    t
    -
    f
    a
    m
    i
    l
    y
    :
    &#39;
    T
    r
    e
    b
    u
    c
    h
    e
    t
     
    M
    S
    &#39;
    ,
    &#39;
    L
    u
    c
    i
    d
    a
     
    S
    a
    n
    s
     
    U
    n
    i
    c
    o
    d
    e
    &#39;
    ,
    &#39;
    L
    u
    c
    i
    d
    a
     
    G
    r
    a
    n
    d
    e
    &#39;
    ,
     
    &#39;
    L
    u
    c
    i
    d
    a
     
    S
    a
    n
    s
    &#39;
    ,
    A
    r
    i
    a
    l
    ,
    s
    a
    n
    s
    -
    s
    e
    r
    i
    f
    ;
    }
    .
    m
    a
    i
    n
    _
    c
    o
    n
    t
    a
    i
    n
    e
    r
    .
    j
    s
    x
    -
    1
    7
    7
    2
    5
    0
    2
    6
    2
    8
    {
    d
    i
    s
    p
    l
    a
    y
    :
    -
    w
    e
    b
    k
    i
    t
    -
    b
    o
    x
    ;
    d
    i
    s
    p
    l
    a
    y
    :
    -
    w
    e
    b
    k
    i
    t
    -
    f
    l
    e
    x
    ;
    d
    i
    s
    p
    l
    a
    y
    :
    -
    m
    s
    -
    f
    l
    e
    x
    b
    o
    x
    ;
    d
    i
    s
    p
    l
    a
    y
    :
    f
    l
    e
    x
    ;
    p
    a
    d
    d
    i
    n
    g
    :
    1
    5
    p
    x
    ;
    -
    w
    e
    b
    k
    i
    t
    -
    a
    l
    i
    g
    n
    -
    i
    t
    e
    m
    s
    :
    c
    e
    n
    t
    e
    r
    ;
    -
    w
    e
    b
    k
    i
    t
    -
    b
    o
    x
    -
    a
    l
    i
    g
    n
    :
    c
    e
    n
    t
    e
    r
    ;
    -
    m
    s
    -
    f
    l
    e
    x
    -
    a
    l
    i
    g
    n
    :
    c
    e
    n
    t
    e
    r
    ;
    a
    l
    i
    g
    n
    -
    i
    t
    e
    m
    s
    :
    c
    e
    n
    t
    e
    r
    ;
    b
    a
    c
    k
    g
    r
    o
    u
    n
    d
    :
    #
    d
    f
    d
    f
    d
    f
    ;
    -
    w
    e
    b
    k
    i
    t
    -
    f
    l
    e
    x
    -
    d
    i
    r
    e
    c
    t
    i
    o
    n
    :
    c
    o
    l
    u
    m
    n
    ;
    -
    m
    s
    -
    f
    l
    e
    x
    -
    d
    i
    r
    e
    c
    t
    i
    o
    n
    :
    c
    o
    l
    u
    m
    n
    ;
    f
    l
    e
    x
    -
    d
    i
    r
    e
    c
    t
    i
    o
    n
    :
    c
    o
    l
    u
    m
    n
    ;
    }
    .
    p
    l
    a
    y
    e
    r
    _
    r
    o
    w
    .
    j
    s
    x
    -
    1
    7
    7
    2
    5
    0
    2
    6
    2
    8
    {
    d
    i
    s
    p
    l
    a
    y
    :
    -
    w
    e
    b
    k
    i
    t
    -
    b
    o
    x
    ;
    d
    i
    s
    p
    l
    a
    y
    :
    -
    w
    e
    b
    k
    i
    t
    -
    f
    l
    e
    x
    ;
    d
    i
    s
    p
    l
    a
    y
    :
    -
    m
    s
    -
    f
    l
    e
    x
    b
    o
    x
    ;
    d
    i
    s
    p
    l
    a
    y
    :
    f
    l
    e
    x
    ;
    }
    .
    b
    o
    a
    r
    d
    _
    m
    i
    d
    d
    l
    e
    _
    r
    o
    w
    .
    j
    s
    x
    -
    1
    7
    7
    2
    5
    0
    2
    6
    2
    8
    {
    d
    i
    s
    p
    l
    a
    y
    :
    -
    w
    e
    b
    k
    i
    t
    -
    b
    o
    x
    ;
    d
    i
    s
    p
    l
    a
    y
    :
    -
    w
    e
    b
    k
    i
    t
    -
    f
    l
    e
    x
    ;
    d
    i
    s
    p
    l
    a
    y
    :
    -
    m
    s
    -
    f
    l
    e
    x
    b
    o
    x
    ;
    d
    i
    s
    p
    l
    a
    y
    :
    f
    l
    e
    x
    ;
    w
    i
    d
    t
    h
    :
    6
    3
    0
    p
    x
    ;
    -
    w
    e
    b
    k
    i
    t
    -
    b
    o
    x
    -
    p
    a
    c
    k
    :
    j
    u
    s
    t
    i
    f
    y
    ;
    -
    w
    e
    b
    k
    i
    t
    -
    j
    u
    s
    t
    i
    f
    y
    -
    c
    o
    n
    t
    e
    n
    t
    :
    s
    p
    a
    c
    e
    -
    b
    e
    t
    w
    e
    e
    n
    ;
    -
    m
    s
    -
    f
    l
    e
    x
    -
    p
    a
    c
    k
    :
    j
    u
    s
    t
    i
    f
    y
    ;
    j
    u
    s
    t
    i
    f
    y
    -
    c
    o
    n
    t
    e
    n
    t
    :
    s
    p
    a
    c
    e
    -
    b
    e
    t
    w
    e
    e
    n
    ;
    }
    .
    c
    o
    i
    n
    _
    s
    y
    m
    b
    o
    l
    .
    j
    s
    x
    -
    1
    7
    7
    2
    5
    0
    2
    6
    2
    8
    {
    h
    e
    i
    g
    h
    t
    :
    5
    0
    %
    ;
    w
    i
    d
    t
    h
    :
    5
    0
    %
    ;
    -
    w
    e
    b
    k
    i
    t
    -
    a
    l
    i
    g
    n
    -
    s
    e
    l
    f
    :
    c
    e
    n
    t
    e
    r
    ;
    -
    m
    s
    -
    f
    l
    e
    x
    -
    i
    t
    e
    m
    -
    a
    l
    i
    g
    n
    :
    c
    e
    n
    t
    e
    r
    ;
    a
    l
    i
    g
    n
    -
    s
    e
    l
    f
    :
    c
    e
    n
    t
    e
    r
    ;
    b
    o
    r
    d
    e
    r
    :
    1
    p
    x
     
    s
    o
    l
    i
    d
     
    #
    f
    1
    b
    0
    9
    1
    e
    b
    ;
    b
    o
    r
    d
    e
    r
    -
    r
    a
    d
    i
    u
    s
    :
    5
    0
    %
    ;
    }
    .
    c
    l
    e
    a
    r
    _
    c
    o
    i
    n
    s
    _
    c
    o
    n
    t
    a
    i
    n
    e
    r
    .
    j
    s
    x
    -
    1
    7
    7
    2
    5
    0
    2
    6
    2
    8
    {
    w
    i
    d
    t
    h
    :
    0
    ;
    h
    e
    i
    g
    h
    t
    :
    0
    ;
    b
    o
    r
    d
    e
    r
    -
    t
    o
    p
    :
    6
    3
    p
    x
     
    s
    o
    l
    i
    d
     
    r
    g
    b
    (
    8
    4
    ,
    8
    4
    ,
    2
    3
    5
    )
    ;
    b
    o
    r
    d
    e
    r
    -
    b
    o
    t
    t
    o
    m
    :
    6
    3
    p
    x
     
    s
    o
    l
    i
    d
     
    r
    g
    b
    (
    1
    1
    2
    ,
    2
    3
    6
    ,
    1
    1
    2
    )
    ;
    b
    o
    r
    d
    e
    r
    -
    l
    e
    f
    t
    :
    6
    3
    p
    x
     
    s
    o
    l
    i
    d
     
    r
    g
    b
    (
    2
    3
    1
    ,
    9
    6
    ,
    9
    6
    )
    ;
    b
    o
    r
    d
    e
    r
    -
    r
    i
    g
    h
    t
    :
    6
    3
    p
    x
     
    s
    o
    l
    i
    d
     
    r
    g
    b
    (
    2
    3
    0
    ,
    2
    3
    0
    ,
    9
    1
    )
    ;
    }
  </JSXStyle>
</div>"
`;
