// Jest Snapshot v1, https://goo.gl/fbAQLP

exports[`CoinContainer should render properly 1`] = `
"<div id={0} className=\\"jsx-572305444 coin_container\\">
  <div className=\\"jsx-572305444 container-border\\">
    <div className=\\"jsx-572305444 container_row\\">
      <div id=\\"_coin_100\\" className=\\"jsx-572305444 coin \\" />
      <div id=\\"_coin_200\\" className=\\"jsx-572305444 coin \\" />
    </div>
    <div className=\\"jsx-572305444 container_row\\">
      <div id=\\"_coin_300\\" className=\\"jsx-572305444 coin \\" />
      <div id=\\"_coin_400\\" className=\\"jsx-572305444 coin \\" />
    </div>
  </div>
  <JSXStyle id=\\"572305444\\">
    .
    c
    o
    i
    n
    _
    c
    o
    n
    t
    a
    i
    n
    e
    r
    .
    j
    s
    x
    -
    5
    7
    2
    3
    0
    5
    4
    4
    4
    {
    d
    i
    s
    p
    l
    a
    y
    :
    -
    w
    e
    b
    k
    i
    t
    -
    b
    o
    x
    ;
    d
    i
    s
    p
    l
    a
    y
    :
    -
    w
    e
    b
    k
    i
    t
    -
    f
    l
    e
    x
    ;
    d
    i
    s
    p
    l
    a
    y
    :
    -
    m
    s
    -
    f
    l
    e
    x
    b
    o
    x
    ;
    d
    i
    s
    p
    l
    a
    y
    :
    f
    l
    e
    x
    ;
    w
    i
    d
    t
    h
    :
    2
    5
    0
    p
    x
    ;
    h
    e
    i
    g
    h
    t
    :
    2
    5
    0
    p
    x
    ;
    -
    w
    e
    b
    k
    i
    t
    -
    b
    o
    x
    -
    p
    a
    c
    k
    :
    c
    e
    n
    t
    e
    r
    ;
    -
    w
    e
    b
    k
    i
    t
    -
    j
    u
    s
    t
    i
    f
    y
    -
    c
    o
    n
    t
    e
    n
    t
    :
    c
    e
    n
    t
    e
    r
    ;
    -
    m
    s
    -
    f
    l
    e
    x
    -
    p
    a
    c
    k
    :
    c
    e
    n
    t
    e
    r
    ;
    j
    u
    s
    t
    i
    f
    y
    -
    c
    o
    n
    t
    e
    n
    t
    :
    c
    e
    n
    t
    e
    r
    ;
    -
    w
    e
    b
    k
    i
    t
    -
    a
    l
    i
    g
    n
    -
    i
    t
    e
    m
    s
    :
    c
    e
    n
    t
    e
    r
    ;
    -
    w
    e
    b
    k
    i
    t
    -
    b
    o
    x
    -
    a
    l
    i
    g
    n
    :
    c
    e
    n
    t
    e
    r
    ;
    -
    m
    s
    -
    f
    l
    e
    x
    -
    a
    l
    i
    g
    n
    :
    c
    e
    n
    t
    e
    r
    ;
    a
    l
    i
    g
    n
    -
    i
    t
    e
    m
    s
    :
    c
    e
    n
    t
    e
    r
    ;
    b
    o
    r
    d
    e
    r
    :
    1
    p
    x
     
    s
    o
    l
    i
    d
     
    b
    l
    a
    c
    k
    ;
    b
    a
    c
    k
    g
    r
    o
    u
    n
    d
    :
    #
    4
    3
    3
    e
    5
    d
    ;
    }
    .
    c
    o
    n
    t
    a
    i
    n
    e
    r
    -
    b
    o
    r
    d
    e
    r
    .
    j
    s
    x
    -
    5
    7
    2
    3
    0
    5
    4
    4
    4
    {
    d
    i
    s
    p
    l
    a
    y
    :
    -
    w
    e
    b
    k
    i
    t
    -
    b
    o
    x
    ;
    d
    i
    s
    p
    l
    a
    y
    :
    -
    w
    e
    b
    k
    i
    t
    -
    f
    l
    e
    x
    ;
    d
    i
    s
    p
    l
    a
    y
    :
    -
    m
    s
    -
    f
    l
    e
    x
    b
    o
    x
    ;
    d
    i
    s
    p
    l
    a
    y
    :
    f
    l
    e
    x
    ;
    p
    a
    d
    d
    i
    n
    g
    :
    1
    5
    p
    x
    ;
    b
    a
    c
    k
    g
    r
    o
    u
    n
    d
    :
    w
    h
    i
    t
    e
    ;
    }
    .
    c
    o
    i
    n
    .
    j
    s
    x
    -
    5
    7
    2
    3
    0
    5
    4
    4
    4
    {
    d
    i
    s
    p
    l
    a
    y
    :
    -
    w
    e
    b
    k
    i
    t
    -
    b
    o
    x
    ;
    d
    i
    s
    p
    l
    a
    y
    :
    -
    w
    e
    b
    k
    i
    t
    -
    f
    l
    e
    x
    ;
    d
    i
    s
    p
    l
    a
    y
    :
    -
    m
    s
    -
    f
    l
    e
    x
    b
    o
    x
    ;
    d
    i
    s
    p
    l
    a
    y
    :
    f
    l
    e
    x
    ;
    -
    w
    e
    b
    k
    i
    t
    -
    b
    o
    x
    -
    p
    a
    c
    k
    :
    c
    e
    n
    t
    e
    r
    ;
    -
    w
    e
    b
    k
    i
    t
    -
    j
    u
    s
    t
    i
    f
    y
    -
    c
    o
    n
    t
    e
    n
    t
    :
    c
    e
    n
    t
    e
    r
    ;
    -
    m
    s
    -
    f
    l
    e
    x
    -
    p
    a
    c
    k
    :
    c
    e
    n
    t
    e
    r
    ;
    j
    u
    s
    t
    i
    f
    y
    -
    c
    o
    n
    t
    e
    n
    t
    :
    c
    e
    n
    t
    e
    r
    ;
    w
    i
    d
    t
    h
    :
    7
    0
    p
    x
    ;
    h
    e
    i
    g
    h
    t
    :
    7
    0
    p
    x
    ;
    b
    o
    r
    d
    e
    r
    :
    1
    p
    x
     
    s
    o
    l
    i
    d
     
    b
    l
    a
    c
    k
    ;
    b
    o
    r
    d
    e
    r
    -
    r
    a
    d
    i
    u
    s
    :
    6
    p
    x
    ;
    m
    a
    r
    g
    i
    n
    :
    2
    p
    x
    ;
    }
    .
    r
    e
    d
    .
    j
    s
    x
    -
    5
    7
    2
    3
    0
    5
    4
    4
    4
    {
    b
    a
    c
    k
    g
    r
    o
    u
    n
    d
    :
    r
    g
    b
    (
    2
    3
    1
    ,
    9
    6
    ,
    9
    6
    )
    ;
    }
    .
    g
    r
    e
    e
    n
    .
    j
    s
    x
    -
    5
    7
    2
    3
    0
    5
    4
    4
    4
    {
    b
    a
    c
    k
    g
    r
    o
    u
    n
    d
    :
    r
    g
    b
    (
    1
    1
    2
    ,
    2
    3
    6
    ,
    1
    1
    2
    )
    ;
    }
    .
    y
    e
    l
    l
    o
    w
    .
    j
    s
    x
    -
    5
    7
    2
    3
    0
    5
    4
    4
    4
    {
    b
    a
    c
    k
    g
    r
    o
    u
    n
    d
    :
    r
    g
    b
    (
    2
    3
    0
    ,
    2
    3
    0
    ,
    9
    1
    )
    ;
    }
    .
    b
    l
    u
    e
    .
    j
    s
    x
    -
    5
    7
    2
    3
    0
    5
    4
    4
    4
    {
    b
    a
    c
    k
    g
    r
    o
    u
    n
    d
    :
    r
    g
    b
    (
    8
    4
    ,
    8
    4
    ,
    2
    3
    5
    )
    ;
    }
    .
    d
    a
    r
    k
    _
    r
    e
    d
    .
    j
    s
    x
    -
    5
    7
    2
    3
    0
    5
    4
    4
    4
    {
    b
    a
    c
    k
    g
    r
    o
    u
    n
    d
    :
    r
    e
    d
    ;
    }
    .
    d
    a
    r
    k
    _
    g
    r
    e
    e
    n
    .
    j
    s
    x
    -
    5
    7
    2
    3
    0
    5
    4
    4
    4
    {
    b
    a
    c
    k
    g
    r
    o
    u
    n
    d
    :
    g
    r
    e
    e
    n
    ;
    }
    .
    d
    a
    r
    k
    _
    y
    e
    l
    l
    o
    w
    .
    j
    s
    x
    -
    5
    7
    2
    3
    0
    5
    4
    4
    4
    {
    b
    a
    c
    k
    g
    r
    o
    u
    n
    d
    :
    y
    e
    l
    l
    o
    w
    ;
    }
    .
    d
    a
    r
    k
    _
    b
    l
    u
    e
    .
    j
    s
    x
    -
    5
    7
    2
    3
    0
    5
    4
    4
    4
    {
    b
    a
    c
    k
    g
    r
    o
    u
    n
    d
    :
    b
    l
    u
    e
    ;
    }
  </JSXStyle>
</div>"
`;
