// Jest Snapshot v1, https://goo.gl/fbAQLP

exports[`Header should render properly 1`] = `
"<div className=\\"jsx-1835151374 header\\">
  title
  <JSXStyle id=\\"1835151374\\">
    .
    h
    e
    a
    d
    e
    r
    .
    j
    s
    x
    -
    1
    8
    3
    5
    1
    5
    1
    3
    7
    4
    {
    f
    o
    n
    t
    -
    s
    i
    z
    e
    :
    3
    0
    p
    x
    ;
    t
    e
    x
    t
    -
    a
    l
    i
    g
    n
    :
    c
    e
    n
    t
    e
    r
    ;
    p
    a
    d
    d
    i
    n
    g
    :
    1
    0
    p
    x
    ;
    c
    o
    l
    o
    r
    :
    b
    l
    a
    c
    k
    ;
    h
    e
    i
    g
    h
    t
    :
    5
    v
    h
    ;
    b
    a
    c
    k
    g
    r
    o
    u
    n
    d
    :
    r
    a
    d
    i
    a
    l
    -
    g
    r
    a
    d
    i
    e
    n
    t
    (
     
    e
    l
    l
    i
    p
    s
    e
     
    a
    t
     
    c
    e
    n
    t
    e
    r
    ,
     
    r
    g
    b
    (
    9
    9
    ,
    1
    5
    5
    ,
    1
    5
    5
    )
     
    0
    %
    ,
     
    r
    g
    b
    (
    2
    5
    ,
    4
    1
    ,
    4
    1
    )
     
    9
    9
    %
    ,
     
    r
    g
    b
    (
    6
    9
    ,
    1
    0
    8
    ,
    1
    0
    8
    )
     
    1
    0
    0
    %
     
    )
    ;
    }
  </JSXStyle>
</div>"
`;
