// Jest Snapshot v1, https://goo.gl/fbAQLP

exports[`createGame should render properly 1`] = `"<CreateGame />"`;
