// Jest Snapshot v1, https://goo.gl/fbAQLP

exports[`joinGame should render properly 1`] = `"<JoinGame />"`;
